------------------------------------------------------------
Timing Analyzer Summary
------------------------------------------------------------

Type  : Slow 1100mV 85C Model Setup 'soc_system:u0|soc_system_hps_0:hps_0|soc_system_hps_0_hps_io:hps_io|soc_system_hps_0_hps_io_border:border|hps_sdram:hps_sdram_inst|hps_sdram_pll:pll|afi_clk_write_clk'
Slack : 1.730
TNS   : 0.000

Type  : Slow 1100mV 85C Model Setup 'main_inst|pll0|pll_inst|altera_pll_i|general[0].gpll~PLL_OUTPUT_COUNTER|divclk'
Slack : 2.208
TNS   : 0.000

Type  : Slow 1100mV 85C Model Setup 'clock_50_1'
Slack : 3.470
TNS   : 0.000

Type  : Slow 1100mV 85C Model Setup 'main_inst|pll0|pll_inst|altera_pll_i|general[1].gpll~PLL_OUTPUT_COUNTER|divclk'
Slack : 5.136
TNS   : 0.000

Type  : Slow 1100mV 85C Model Setup 'altera_reserved_tck'
Slack : 9.794
TNS   : 0.000

Type  : Slow 1100mV 85C Model Hold 'soc_system:u0|soc_system_hps_0:hps_0|soc_system_hps_0_hps_io:hps_io|soc_system_hps_0_hps_io_border:border|hps_sdram:hps_sdram_inst|hps_sdram_pll:pll|afi_clk_write_clk'
Slack : 0.143
TNS   : 0.000

Type  : Slow 1100mV 85C Model Hold 'clock_50_1'
Slack : 0.271
TNS   : 0.000

Type  : Slow 1100mV 85C Model Hold 'main_inst|pll0|pll_inst|altera_pll_i|general[1].gpll~PLL_OUTPUT_COUNTER|divclk'
Slack : 0.334
TNS   : 0.000

Type  : Slow 1100mV 85C Model Hold 'main_inst|pll0|pll_inst|altera_pll_i|general[0].gpll~PLL_OUTPUT_COUNTER|divclk'
Slack : 0.354
TNS   : 0.000

Type  : Slow 1100mV 85C Model Hold 'altera_reserved_tck'
Slack : 0.399
TNS   : 0.000

Type  : Slow 1100mV 85C Model Recovery 'soc_system:u0|soc_system_hps_0:hps_0|soc_system_hps_0_hps_io:hps_io|soc_system_hps_0_hps_io_border:border|hps_sdram:hps_sdram_inst|hps_sdram_pll:pll|afi_clk_write_clk'
Slack : 3.375
TNS   : 0.000

Type  : Slow 1100mV 85C Model Recovery 'clock_50_1'
Slack : 13.036
TNS   : 0.000

Type  : Slow 1100mV 85C Model Recovery 'altera_reserved_tck'
Slack : 14.682
TNS   : 0.000

Type  : Slow 1100mV 85C Model Removal 'clock_50_1'
Slack : 0.439
TNS   : 0.000

Type  : Slow 1100mV 85C Model Removal 'soc_system:u0|soc_system_hps_0:hps_0|soc_system_hps_0_hps_io:hps_io|soc_system_hps_0_hps_io_border:border|hps_sdram:hps_sdram_inst|hps_sdram_pll:pll|afi_clk_write_clk'
Slack : 0.470
TNS   : 0.000

Type  : Slow 1100mV 85C Model Removal 'altera_reserved_tck'
Slack : 0.741
TNS   : 0.000

Type  : Slow 1100mV 85C Model Minimum Pulse Width 'soc_system:u0|soc_system_hps_0:hps_0|soc_system_hps_0_hps_io:hps_io|soc_system_hps_0_hps_io_border:border|hps_sdram:hps_sdram_inst|hps_sdram_pll:pll|pll_write_clk_dq_write_clk'
Slack : 0.608
TNS   : 0.000

Type  : Slow 1100mV 85C Model Minimum Pulse Width 'soc_system:u0|soc_system_hps_0:hps_0|soc_system_hps_0_hps_io:hps_io|soc_system_hps_0_hps_io_border:border|hps_sdram:hps_sdram_inst|hps_sdram_pll:pll|afi_clk_write_clk'
Slack : 0.623
TNS   : 0.000

Type  : Slow 1100mV 85C Model Minimum Pulse Width 'main_inst|pll0|pll_inst|altera_pll_i|general[0].gpll~FRACTIONAL_PLL|vcoph[0]'
Slack : 1.666
TNS   : 0.000

Type  : Slow 1100mV 85C Model Minimum Pulse Width 'main_inst|pll0|pll_inst|altera_pll_i|general[0].gpll~PLL_OUTPUT_COUNTER|divclk'
Slack : 3.761
TNS   : 0.000

Type  : Slow 1100mV 85C Model Minimum Pulse Width 'clock_50_1'
Slack : 8.914
TNS   : 0.000

Type  : Slow 1100mV 85C Model Minimum Pulse Width 'altera_reserved_tck'
Slack : 15.409
TNS   : 0.000

Type  : Slow 1100mV 85C Model Minimum Pulse Width 'main_inst|pll0|pll_inst|altera_pll_i|general[1].gpll~PLL_OUTPUT_COUNTER|divclk'
Slack : 19.290
TNS   : 0.000

Type  : Slow 1100mV 0C Model Setup 'soc_system:u0|soc_system_hps_0:hps_0|soc_system_hps_0_hps_io:hps_io|soc_system_hps_0_hps_io_border:border|hps_sdram:hps_sdram_inst|hps_sdram_pll:pll|afi_clk_write_clk'
Slack : 1.727
TNS   : 0.000

Type  : Slow 1100mV 0C Model Setup 'main_inst|pll0|pll_inst|altera_pll_i|general[0].gpll~PLL_OUTPUT_COUNTER|divclk'
Slack : 2.482
TNS   : 0.000

Type  : Slow 1100mV 0C Model Setup 'clock_50_1'
Slack : 3.816
TNS   : 0.000

Type  : Slow 1100mV 0C Model Setup 'main_inst|pll0|pll_inst|altera_pll_i|general[1].gpll~PLL_OUTPUT_COUNTER|divclk'
Slack : 5.390
TNS   : 0.000

Type  : Slow 1100mV 0C Model Setup 'altera_reserved_tck'
Slack : 10.061
TNS   : 0.000

Type  : Slow 1100mV 0C Model Hold 'soc_system:u0|soc_system_hps_0:hps_0|soc_system_hps_0_hps_io:hps_io|soc_system_hps_0_hps_io_border:border|hps_sdram:hps_sdram_inst|hps_sdram_pll:pll|afi_clk_write_clk'
Slack : 0.162
TNS   : 0.000

Type  : Slow 1100mV 0C Model Hold 'clock_50_1'
Slack : 0.238
TNS   : 0.000

Type  : Slow 1100mV 0C Model Hold 'main_inst|pll0|pll_inst|altera_pll_i|general[1].gpll~PLL_OUTPUT_COUNTER|divclk'
Slack : 0.313
TNS   : 0.000

Type  : Slow 1100mV 0C Model Hold 'main_inst|pll0|pll_inst|altera_pll_i|general[0].gpll~PLL_OUTPUT_COUNTER|divclk'
Slack : 0.324
TNS   : 0.000

Type  : Slow 1100mV 0C Model Hold 'altera_reserved_tck'
Slack : 0.401
TNS   : 0.000

Type  : Slow 1100mV 0C Model Recovery 'soc_system:u0|soc_system_hps_0:hps_0|soc_system_hps_0_hps_io:hps_io|soc_system_hps_0_hps_io_border:border|hps_sdram:hps_sdram_inst|hps_sdram_pll:pll|afi_clk_write_clk'
Slack : 3.468
TNS   : 0.000

Type  : Slow 1100mV 0C Model Recovery 'clock_50_1'
Slack : 13.371
TNS   : 0.000

Type  : Slow 1100mV 0C Model Recovery 'altera_reserved_tck'
Slack : 14.773
TNS   : 0.000

Type  : Slow 1100mV 0C Model Removal 'clock_50_1'
Slack : 0.364
TNS   : 0.000

Type  : Slow 1100mV 0C Model Removal 'soc_system:u0|soc_system_hps_0:hps_0|soc_system_hps_0_hps_io:hps_io|soc_system_hps_0_hps_io_border:border|hps_sdram:hps_sdram_inst|hps_sdram_pll:pll|afi_clk_write_clk'
Slack : 0.460
TNS   : 0.000

Type  : Slow 1100mV 0C Model Removal 'altera_reserved_tck'
Slack : 0.707
TNS   : 0.000

Type  : Slow 1100mV 0C Model Minimum Pulse Width 'soc_system:u0|soc_system_hps_0:hps_0|soc_system_hps_0_hps_io:hps_io|soc_system_hps_0_hps_io_border:border|hps_sdram:hps_sdram_inst|hps_sdram_pll:pll|pll_write_clk_dq_write_clk'
Slack : 0.613
TNS   : 0.000

Type  : Slow 1100mV 0C Model Minimum Pulse Width 'soc_system:u0|soc_system_hps_0:hps_0|soc_system_hps_0_hps_io:hps_io|soc_system_hps_0_hps_io_border:border|hps_sdram:hps_sdram_inst|hps_sdram_pll:pll|afi_clk_write_clk'
Slack : 0.630
TNS   : 0.000

Type  : Slow 1100mV 0C Model Minimum Pulse Width 'main_inst|pll0|pll_inst|altera_pll_i|general[0].gpll~FRACTIONAL_PLL|vcoph[0]'
Slack : 1.666
TNS   : 0.000

Type  : Slow 1100mV 0C Model Minimum Pulse Width 'main_inst|pll0|pll_inst|altera_pll_i|general[0].gpll~PLL_OUTPUT_COUNTER|divclk'
Slack : 3.737
TNS   : 0.000

Type  : Slow 1100mV 0C Model Minimum Pulse Width 'clock_50_1'
Slack : 8.949
TNS   : 0.000

Type  : Slow 1100mV 0C Model Minimum Pulse Width 'altera_reserved_tck'
Slack : 15.403
TNS   : 0.000

Type  : Slow 1100mV 0C Model Minimum Pulse Width 'main_inst|pll0|pll_inst|altera_pll_i|general[1].gpll~PLL_OUTPUT_COUNTER|divclk'
Slack : 19.241
TNS   : 0.000

Type  : Fast 1100mV 85C Model Setup 'soc_system:u0|soc_system_hps_0:hps_0|soc_system_hps_0_hps_io:hps_io|soc_system_hps_0_hps_io_border:border|hps_sdram:hps_sdram_inst|hps_sdram_pll:pll|afi_clk_write_clk'
Slack : 2.110
TNS   : 0.000

Type  : Fast 1100mV 85C Model Setup 'main_inst|pll0|pll_inst|altera_pll_i|general[0].gpll~PLL_OUTPUT_COUNTER|divclk'
Slack : 4.612
TNS   : 0.000

Type  : Fast 1100mV 85C Model Setup 'clock_50_1'
Slack : 5.386
TNS   : 0.000

Type  : Fast 1100mV 85C Model Setup 'main_inst|pll0|pll_inst|altera_pll_i|general[1].gpll~PLL_OUTPUT_COUNTER|divclk'
Slack : 6.774
TNS   : 0.000

Type  : Fast 1100mV 85C Model Setup 'altera_reserved_tck'
Slack : 12.517
TNS   : 0.000

Type  : Fast 1100mV 85C Model Hold 'soc_system:u0|soc_system_hps_0:hps_0|soc_system_hps_0_hps_io:hps_io|soc_system_hps_0_hps_io_border:border|hps_sdram:hps_sdram_inst|hps_sdram_pll:pll|afi_clk_write_clk'
Slack : 0.084
TNS   : 0.000

Type  : Fast 1100mV 85C Model Hold 'altera_reserved_tck'
Slack : 0.139
TNS   : 0.000

Type  : Fast 1100mV 85C Model Hold 'clock_50_1'
Slack : 0.158
TNS   : 0.000

Type  : Fast 1100mV 85C Model Hold 'main_inst|pll0|pll_inst|altera_pll_i|general[0].gpll~PLL_OUTPUT_COUNTER|divclk'
Slack : 0.180
TNS   : 0.000

Type  : Fast 1100mV 85C Model Hold 'main_inst|pll0|pll_inst|altera_pll_i|general[1].gpll~PLL_OUTPUT_COUNTER|divclk'
Slack : 0.182
TNS   : 0.000

Type  : Fast 1100mV 85C Model Recovery 'soc_system:u0|soc_system_hps_0:hps_0|soc_system_hps_0_hps_io:hps_io|soc_system_hps_0_hps_io_border:border|hps_sdram:hps_sdram_inst|hps_sdram_pll:pll|afi_clk_write_clk'
Slack : 3.727
TNS   : 0.000

Type  : Fast 1100mV 85C Model Recovery 'clock_50_1'
Slack : 14.916
TNS   : 0.000

Type  : Fast 1100mV 85C Model Recovery 'altera_reserved_tck'
Slack : 15.734
TNS   : 0.000

Type  : Fast 1100mV 85C Model Removal 'clock_50_1'
Slack : 0.291
TNS   : 0.000

Type  : Fast 1100mV 85C Model Removal 'altera_reserved_tck'
Slack : 0.317
TNS   : 0.000

Type  : Fast 1100mV 85C Model Removal 'soc_system:u0|soc_system_hps_0:hps_0|soc_system_hps_0_hps_io:hps_io|soc_system_hps_0_hps_io_border:border|hps_sdram:hps_sdram_inst|hps_sdram_pll:pll|afi_clk_write_clk'
Slack : 0.497
TNS   : 0.000

Type  : Fast 1100mV 85C Model Minimum Pulse Width 'soc_system:u0|soc_system_hps_0:hps_0|soc_system_hps_0_hps_io:hps_io|soc_system_hps_0_hps_io_border:border|hps_sdram:hps_sdram_inst|hps_sdram_pll:pll|pll_write_clk_dq_write_clk'
Slack : 0.883
TNS   : 0.000

Type  : Fast 1100mV 85C Model Minimum Pulse Width 'soc_system:u0|soc_system_hps_0:hps_0|soc_system_hps_0_hps_io:hps_io|soc_system_hps_0_hps_io_border:border|hps_sdram:hps_sdram_inst|hps_sdram_pll:pll|afi_clk_write_clk'
Slack : 0.891
TNS   : 0.000

Type  : Fast 1100mV 85C Model Minimum Pulse Width 'main_inst|pll0|pll_inst|altera_pll_i|general[0].gpll~FRACTIONAL_PLL|vcoph[0]'
Slack : 1.666
TNS   : 0.000

Type  : Fast 1100mV 85C Model Minimum Pulse Width 'main_inst|pll0|pll_inst|altera_pll_i|general[0].gpll~PLL_OUTPUT_COUNTER|divclk'
Slack : 3.880
TNS   : 0.000

Type  : Fast 1100mV 85C Model Minimum Pulse Width 'clock_50_1'
Slack : 8.499
TNS   : 0.000

Type  : Fast 1100mV 85C Model Minimum Pulse Width 'altera_reserved_tck'
Slack : 15.344
TNS   : 0.000

Type  : Fast 1100mV 85C Model Minimum Pulse Width 'main_inst|pll0|pll_inst|altera_pll_i|general[1].gpll~PLL_OUTPUT_COUNTER|divclk'
Slack : 19.546
TNS   : 0.000

Type  : Fast 1100mV 0C Model Setup 'soc_system:u0|soc_system_hps_0:hps_0|soc_system_hps_0_hps_io:hps_io|soc_system_hps_0_hps_io_border:border|hps_sdram:hps_sdram_inst|hps_sdram_pll:pll|afi_clk_write_clk'
Slack : 2.110
TNS   : 0.000

Type  : Fast 1100mV 0C Model Setup 'main_inst|pll0|pll_inst|altera_pll_i|general[0].gpll~PLL_OUTPUT_COUNTER|divclk'
Slack : 5.292
TNS   : 0.000

Type  : Fast 1100mV 0C Model Setup 'clock_50_1'
Slack : 6.049
TNS   : 0.000

Type  : Fast 1100mV 0C Model Setup 'main_inst|pll0|pll_inst|altera_pll_i|general[1].gpll~PLL_OUTPUT_COUNTER|divclk'
Slack : 7.202
TNS   : 0.000

Type  : Fast 1100mV 0C Model Setup 'altera_reserved_tck'
Slack : 13.120
TNS   : 0.000

Type  : Fast 1100mV 0C Model Hold 'soc_system:u0|soc_system_hps_0:hps_0|soc_system_hps_0_hps_io:hps_io|soc_system_hps_0_hps_io_border:border|hps_sdram:hps_sdram_inst|hps_sdram_pll:pll|afi_clk_write_clk'
Slack : 0.077
TNS   : 0.000

Type  : Fast 1100mV 0C Model Hold 'altera_reserved_tck'
Slack : 0.126
TNS   : 0.000

Type  : Fast 1100mV 0C Model Hold 'clock_50_1'
Slack : 0.146
TNS   : 0.000

Type  : Fast 1100mV 0C Model Hold 'main_inst|pll0|pll_inst|altera_pll_i|general[0].gpll~PLL_OUTPUT_COUNTER|divclk'
Slack : 0.171
TNS   : 0.000

Type  : Fast 1100mV 0C Model Hold 'main_inst|pll0|pll_inst|altera_pll_i|general[1].gpll~PLL_OUTPUT_COUNTER|divclk'
Slack : 0.172
TNS   : 0.000

Type  : Fast 1100mV 0C Model Recovery 'soc_system:u0|soc_system_hps_0:hps_0|soc_system_hps_0_hps_io:hps_io|soc_system_hps_0_hps_io_border:border|hps_sdram:hps_sdram_inst|hps_sdram_pll:pll|afi_clk_write_clk'
Slack : 3.825
TNS   : 0.000

Type  : Fast 1100mV 0C Model Recovery 'clock_50_1'
Slack : 15.580
TNS   : 0.000

Type  : Fast 1100mV 0C Model Recovery 'altera_reserved_tck'
Slack : 15.929
TNS   : 0.000

Type  : Fast 1100mV 0C Model Removal 'clock_50_1'
Slack : 0.216
TNS   : 0.000

Type  : Fast 1100mV 0C Model Removal 'altera_reserved_tck'
Slack : 0.288
TNS   : 0.000

Type  : Fast 1100mV 0C Model Removal 'soc_system:u0|soc_system_hps_0:hps_0|soc_system_hps_0_hps_io:hps_io|soc_system_hps_0_hps_io_border:border|hps_sdram:hps_sdram_inst|hps_sdram_pll:pll|afi_clk_write_clk'
Slack : 0.473
TNS   : 0.000

Type  : Fast 1100mV 0C Model Minimum Pulse Width 'soc_system:u0|soc_system_hps_0:hps_0|soc_system_hps_0_hps_io:hps_io|soc_system_hps_0_hps_io_border:border|hps_sdram:hps_sdram_inst|hps_sdram_pll:pll|pll_write_clk_dq_write_clk'
Slack : 0.887
TNS   : 0.000

Type  : Fast 1100mV 0C Model Minimum Pulse Width 'soc_system:u0|soc_system_hps_0:hps_0|soc_system_hps_0_hps_io:hps_io|soc_system_hps_0_hps_io_border:border|hps_sdram:hps_sdram_inst|hps_sdram_pll:pll|afi_clk_write_clk'
Slack : 0.894
TNS   : 0.000

Type  : Fast 1100mV 0C Model Minimum Pulse Width 'main_inst|pll0|pll_inst|altera_pll_i|general[0].gpll~FRACTIONAL_PLL|vcoph[0]'
Slack : 1.666
TNS   : 0.000

Type  : Fast 1100mV 0C Model Minimum Pulse Width 'main_inst|pll0|pll_inst|altera_pll_i|general[0].gpll~PLL_OUTPUT_COUNTER|divclk'
Slack : 3.881
TNS   : 0.000

Type  : Fast 1100mV 0C Model Minimum Pulse Width 'clock_50_1'
Slack : 8.455
TNS   : 0.000

Type  : Fast 1100mV 0C Model Minimum Pulse Width 'altera_reserved_tck'
Slack : 15.349
TNS   : 0.000

Type  : Fast 1100mV 0C Model Minimum Pulse Width 'main_inst|pll0|pll_inst|altera_pll_i|general[1].gpll~PLL_OUTPUT_COUNTER|divclk'
Slack : 19.537
TNS   : 0.000

------------------------------------------------------------
Info: see the "DDR report" for DDR timing results
------------------------------------------------------------
------------------------------------------------------------
